/tmp/file-rotatelogs-gh16980827241/log20240722110510